
 ⛅️ wrangler 4.142.0 (update available 4.143.0)
───────────────────────────────────────────────
🌀 Building list of assets...
✨ Read 5226 files from the assets directory /Users/shbj/Downloads/mysuneung-site-index/workers/accounts/public
🌀 Starting asset upload...
No updated asset files to upload. Proceeding with deployment...
Total Upload: 7401.10 KiB / gzip: 491.36 KiB
Worker Startup Time: 11 ms
Your Worker has access to the following bindings:
Binding                                                Resource
env.DB (mysuneung-accounts)                            D1 Database
env.REPORTS (mysuneung-admin)                          D1 Database
env.CBT (mysuneung-cbt)                                R2 Bucket
env.ASSETS                                             Assets
env.SITE_ORIGIN ("https://mysuneung.com")              Environment Variable
env.FIREBASE_PROJECT_ID ("mysuneung")                  Environment Variable

Uploaded mysuneung-accounts (12.92 sec)
Deployed mysuneung-accounts triggers (7.60 sec)
  mysuneung.com/* (zone name: mysuneung.com)
  www.mysuneung.com/* (zone name: mysuneung.com)
  schedule: 17 19 * * *
Current Version ID: 0026c712-0781-4fdc-8a0a-10f3eb3e075b
