
 ⛅️ wrangler 4.142.0 (update available 4.143.0)
───────────────────────────────────────────────
🌀 Building list of assets...
✨ Read 19 files from the assets directory /Users/shbj/Downloads/mysuneung-site-index/workers/accounts/public
🌀 Starting asset upload...
🌀 Found 4 new or modified static assets to upload. Proceeding with upload...
+ /account-assets/admin.html
+ /account-assets/admin.js
+ /account-assets/admin.css
+ /account-assets/auth.js
Uploaded 1 of 4 assets
Uploaded 2 of 4 assets
Uploaded 4 of 4 assets
✨ Success! Uploaded 4 files (14 already uploaded) (1.18 sec)

Total Upload: 113.91 KiB / gzip: 30.47 KiB
Worker Startup Time: 4 ms
Your Worker has access to the following bindings:
Binding                                                Resource
env.DB (mysuneung-accounts)                            D1 Database
env.REPORTS (mysuneung-admin)                          D1 Database
env.CBT (mysuneung-cbt)                                R2 Bucket
env.ASSETS                                             Assets
env.SITE_ORIGIN ("https://mysuneung.com")              Environment Variable
env.FIREBASE_PROJECT_ID ("mysuneung")                  Environment Variable

Uploaded mysuneung-accounts (7.48 sec)
Deployed mysuneung-accounts triggers (2.95 sec)
  mysuneung.com/* (zone name: mysuneung.com)
  www.mysuneung.com/* (zone name: mysuneung.com)
  schedule: 17 19 * * *
Current Version ID: 142f57b1-1588-48ad-915a-365e8d2798f0
